------------------------------------------------------------
Timing Analyzer Summary
------------------------------------------------------------

Type  : Slow 1100mV 85C Model Setup 'clock'
Slack : -1.393
TNS   : -2.941

Type  : Slow 1100mV 85C Model Hold 'clock'
Slack : 0.547
TNS   : 0.000

Type  : Slow 1100mV 85C Model Minimum Pulse Width 'clock'
Slack : -0.724
TNS   : -3.324

Type  : Slow 1100mV 0C Model Setup 'clock'
Slack : -1.493
TNS   : -3.125

Type  : Slow 1100mV 0C Model Hold 'clock'
Slack : 0.568
TNS   : 0.000

Type  : Slow 1100mV 0C Model Minimum Pulse Width 'clock'
Slack : -0.724
TNS   : -3.321

Type  : Fast 1100mV 85C Model Setup 'clock'
Slack : 0.052
TNS   : 0.000

Type  : Fast 1100mV 85C Model Hold 'clock'
Slack : 0.182
TNS   : 0.000

Type  : Fast 1100mV 85C Model Minimum Pulse Width 'clock'
Slack : -0.085
TNS   : -0.255

Type  : Fast 1100mV 0C Model Setup 'clock'
Slack : 0.098
TNS   : 0.000

Type  : Fast 1100mV 0C Model Hold 'clock'
Slack : 0.172
TNS   : 0.000

Type  : Fast 1100mV 0C Model Minimum Pulse Width 'clock'
Slack : -0.085
TNS   : -0.255

------------------------------------------------------------
